Test Case: Search product and add to cart
Status: PASS
Message: Product successfully added to cart
